Component: ARM Compiler 5.05 update 1 (build 106) Tool: armlink [4d0efa]

==============================================================================

Section Cross References

    startup_stm32f40_41xxx.o(RESET) refers to startup_stm32f40_41xxx.o(STACK) for __initial_sp
    startup_stm32f40_41xxx.o(RESET) refers to startup_stm32f40_41xxx.o(.text) for Reset_Handler
    startup_stm32f40_41xxx.o(RESET) refers to timer.o(i.TIM3_IRQHandler) for TIM3_IRQHandler
    startup_stm32f40_41xxx.o(RESET) refers to usart.o(i.USART1_IRQHandler) for USART1_IRQHandler
    startup_stm32f40_41xxx.o(RESET) refers to usart.o(i.USART3_IRQHandler) for USART3_IRQHandler
    startup_stm32f40_41xxx.o(.text) refers to entry.o(.ARM.Collect$$$$00000000) for __main
    main.o(i.main) refers to sys.o(i.Stm32_Clock_Init) for Stm32_Clock_Init
    main.o(i.main) refers to delay.o(i.delay_init) for delay_init
    main.o(i.main) refers to delay.o(i.delay_ms) for delay_ms
    main.o(i.main) refers to led.o(i.LED_Init) for LED_Init
    main.o(i.main) refers to key.o(i.KEY_Init) for KEY_Init
    main.o(i.main) refers to adc.o(i.ADC1_Init) for ADC1_Init
    main.o(i.main) refers to timer.o(i.TIM3_Int_Init) for TIM3_Int_Init
    main.o(i.main) refers to timer.o(i.TIM9_PWM_Init) for TIM9_PWM_Init
    main.o(i.main) refers to timer.o(i.Set_PWM_Duty) for Set_PWM_Duty
    main.o(i.main) refers to usart.o(i.uart1_init) for uart1_init
    main.o(i.main) refers to usart.o(i.uart3_init) for uart3_init
    main.o(i.main) refers to can.o(i.CAN_Init) for CAN_Init
    main.o(i.main) refers to usart.o(i.usart_send) for usart_send
    main.o(i.main) refers to can.o(i.can_send_msg) for can_send_msg
    main.o(i.main) refers to memseta.o(.text) for __aeabi_memclr
    main.o(i.main) refers to can.o(i.can_receive_msg) for can_receive_msg
    main.o(i.main) refers to key.o(i.KEY_Scan) for KEY_Scan
    main.o(i.main) refers to timer.o(.data) for PWM_ARR
    main.o(i.main) refers to main.o(.data) for CAN_mode
    main.o(i.main) refers to main.o(.bss) for Test_buff
    main.o(i.main) refers to usart.o(.bss) for U1_DATA
    main.o(i.main) refers to key.o(.bss) for KEY_BUFF
    main.o(i.main) refers to adc.o(.bss) for ADC_BUFF
    delay.o(i.delay_init) refers to delay.o(.data) for fac_us
    delay.o(i.delay_ms) refers to delay.o(i.delay_xms) for delay_xms
    delay.o(i.delay_us) refers to delay.o(.data) for fac_us
    delay.o(i.delay_xms) refers to delay.o(.data) for fac_ms
    sys.o(i.MY_NVIC_Init) refers to sys.o(i.MY_NVIC_PriorityGroupConfig) for MY_NVIC_PriorityGroupConfig
    sys.o(i.Stm32_Clock_Init) refers to sys.o(i.Sys_Clock_Set) for Sys_Clock_Set
    sys.o(i.Stm32_Clock_Init) refers to sys.o(i.MY_NVIC_SetVectorTable) for MY_NVIC_SetVectorTable
    sys.o(i.Sys_Standby) refers to sys.o(i.WFI_SET) for WFI_SET
    usart.o(i.UART1_DMA2_Init) refers to usart.o(.bss) for U1_DATA
    usart.o(i.UART3_DMA1_Init) refers to usart.o(.bss) for U3_DATA
    usart.o(i.USART1_IRQHandler) refers to usart.o(.bss) for U1_DATA
    usart.o(i.USART3_IRQHandler) refers to usart.o(.bss) for U3_DATA
    usart.o(i.uart1_init) refers to sys.o(i.GPIO_Set) for GPIO_Set
    usart.o(i.uart1_init) refers to sys.o(i.GPIO_AF_Set) for GPIO_AF_Set
    usart.o(i.uart1_init) refers to sys.o(i.MY_NVIC_Init) for MY_NVIC_Init
    usart.o(i.uart1_init) refers to usart.o(i.UART1_DMA2_Init) for UART1_DMA2_Init
    usart.o(i.uart1_init) refers to memseta.o(.text) for __aeabi_memclr
    usart.o(i.uart1_init) refers to usart.o(.bss) for U1_DATA
    usart.o(i.uart3_init) refers to sys.o(i.GPIO_Set) for GPIO_Set
    usart.o(i.uart3_init) refers to sys.o(i.GPIO_AF_Set) for GPIO_AF_Set
    usart.o(i.uart3_init) refers to sys.o(i.MY_NVIC_Init) for MY_NVIC_Init
    usart.o(i.uart3_init) refers to usart.o(i.UART3_DMA1_Init) for UART3_DMA1_Init
    adc.o(i.ADC1_Init) refers to sys.o(i.GPIO_Set) for GPIO_Set
    adc.o(i.ADC1_Init) refers to adc.o(i.DMA2_Init) for DMA2_Init
    adc.o(i.DMA2_Init) refers to adc.o(.bss) for ADC_BUFF
    adc.o(i.Get_ADC_Value) refers to adc.o(.bss) for ADC_BUFF
    can.o(i.CAN_Init) refers to sys.o(i.GPIO_Set) for GPIO_Set
    can.o(i.CAN_Init) refers to sys.o(i.GPIO_AF_Set) for GPIO_AF_Set
    can.o(i.can_receive_msg) refers to can.o(i.can_pend_msg) for can_pend_msg
    can.o(i.can_receive_msg) refers to can.o(i.can_rx_msg) for can_rx_msg
    can.o(i.can_send_msg) refers to can.o(i.can_tx_msg) for can_tx_msg
    can.o(i.can_send_msg) refers to can.o(i.can_tx_status) for can_tx_status
    key.o(i.KEY_Init) refers to sys.o(i.GPIO_Set) for GPIO_Set
    key.o(i.KEY_Scan) refers to delay.o(i.delay_ms) for delay_ms
    key.o(i.KEY_Scan) refers to key.o(.data) for num1
    led.o(i.LED_Init) refers to sys.o(i.GPIO_Set) for GPIO_Set
    timer.o(i.Set_PWM_Duty) refers to timer.o(.data) for PWM_ARR
    timer.o(i.TIM3_IRQHandler) refers to timer.o(.data) for count_num
    timer.o(i.TIM3_Int_Init) refers to sys.o(i.MY_NVIC_Init) for MY_NVIC_Init
    timer.o(i.TIM9_PWM_Init) refers to sys.o(i.GPIO_Set) for GPIO_Set
    timer.o(i.TIM9_PWM_Init) refers to sys.o(i.GPIO_AF_Set) for GPIO_AF_Set
    entry.o(.ARM.Collect$$$$00000000) refers (Special) to entry10a.o(.ARM.Collect$$$$0000000D) for __rt_final_cpp
    entry.o(.ARM.Collect$$$$00000000) refers (Special) to entry11a.o(.ARM.Collect$$$$0000000F) for __rt_final_exit
    entry.o(.ARM.Collect$$$$00000000) refers (Special) to entry7b.o(.ARM.Collect$$$$00000008) for _main_clock
    entry.o(.ARM.Collect$$$$00000000) refers (Special) to entry8b.o(.ARM.Collect$$$$0000000A) for _main_cpp_init
    entry.o(.ARM.Collect$$$$00000000) refers (Special) to entry9a.o(.ARM.Collect$$$$0000000B) for _main_init
    entry.o(.ARM.Collect$$$$00000000) refers (Special) to entry5.o(.ARM.Collect$$$$00000004) for _main_scatterload
    entry.o(.ARM.Collect$$$$00000000) refers (Special) to entry2.o(.ARM.Collect$$$$00000001) for _main_stk
    entry2.o(.ARM.Collect$$$$00000001) refers to entry2.o(.ARM.Collect$$$$00002712) for __lit__00000000
    entry2.o(.ARM.Collect$$$$00002712) refers to startup_stm32f40_41xxx.o(STACK) for __initial_sp
    entry2.o(__vectab_stack_and_reset_area) refers to startup_stm32f40_41xxx.o(STACK) for __initial_sp
    entry2.o(__vectab_stack_and_reset_area) refers to entry.o(.ARM.Collect$$$$00000000) for __main
    entry5.o(.ARM.Collect$$$$00000004) refers to init.o(.text) for __scatterload
    entry9a.o(.ARM.Collect$$$$0000000B) refers to main.o(i.main) for main
    entry9b.o(.ARM.Collect$$$$0000000C) refers to main.o(i.main) for main
    init.o(.text) refers to entry5.o(.ARM.Collect$$$$00000004) for __main_after_scatterload


==============================================================================

Removing Unused input sections from the image.

    Removing startup_stm32f40_41xxx.o(HEAP), (0 bytes).
    Removing main.o(.rev16_text), (4 bytes).
    Removing main.o(.revsh_text), (4 bytes).
    Removing delay.o(.rev16_text), (4 bytes).
    Removing delay.o(.revsh_text), (4 bytes).
    Removing delay.o(i.delay_us), (60 bytes).
    Removing sys.o(.rev16_text), (4 bytes).
    Removing sys.o(.revsh_text), (4 bytes).
    Removing sys.o(.emb_text), (6 bytes).
    Removing sys.o(i.Ex_NVIC_Config), (180 bytes).
    Removing sys.o(i.INTX_DISABLE), (4 bytes).
    Removing sys.o(i.INTX_ENABLE), (4 bytes).
    Removing sys.o(i.Sys_Soft_Reset), (16 bytes).
    Removing sys.o(i.Sys_Standby), (76 bytes).
    Removing sys.o(i.WFI_SET), (4 bytes).
    Removing usart.o(.rev16_text), (4 bytes).
    Removing usart.o(.revsh_text), (4 bytes).
    Removing usart.o(i._sys_exit), (4 bytes).
    Removing usart.o(i.fputc), (28 bytes).
    Removing usart.o(.data), (4 bytes).
    Removing adc.o(.rev16_text), (4 bytes).
    Removing adc.o(.revsh_text), (4 bytes).
    Removing adc.o(i.Get_ADC_Value), (20 bytes).
    Removing can.o(.rev16_text), (4 bytes).
    Removing can.o(.revsh_text), (4 bytes).
    Removing key.o(.rev16_text), (4 bytes).
    Removing key.o(.revsh_text), (4 bytes).
    Removing led.o(.rev16_text), (4 bytes).
    Removing led.o(.revsh_text), (4 bytes).
    Removing timer.o(.rev16_text), (4 bytes).
    Removing timer.o(.revsh_text), (4 bytes).

31 unused section(s) (total 478 bytes) removed from the image.

==============================================================================

Image Symbol Table

    Local Symbols

    Symbol Name                              Value     Ov Type        Size  Object(Section)

    ../clib/microlib/init/entry.s            0x00000000   Number         0  entry11a.o ABSOLUTE
    ../clib/microlib/init/entry.s            0x00000000   Number         0  entry2.o ABSOLUTE
    ../clib/microlib/init/entry.s            0x00000000   Number         0  entry.o ABSOLUTE
    ../clib/microlib/init/entry.s            0x00000000   Number         0  entry10b.o ABSOLUTE
    ../clib/microlib/init/entry.s            0x00000000   Number         0  entry5.o ABSOLUTE
    ../clib/microlib/init/entry.s            0x00000000   Number         0  entry7a.o ABSOLUTE
    ../clib/microlib/init/entry.s            0x00000000   Number         0  entry10a.o ABSOLUTE
    ../clib/microlib/init/entry.s            0x00000000   Number         0  entry9b.o ABSOLUTE
    ../clib/microlib/init/entry.s            0x00000000   Number         0  entry11b.o ABSOLUTE
    ../clib/microlib/init/entry.s            0x00000000   Number         0  entry9a.o ABSOLUTE
    ../clib/microlib/init/entry.s            0x00000000   Number         0  entry8b.o ABSOLUTE
    ../clib/microlib/init/entry.s            0x00000000   Number         0  entry8a.o ABSOLUTE
    ../clib/microlib/init/entry.s            0x00000000   Number         0  entry7b.o ABSOLUTE
    ../clib/microlib/string/memset.c         0x00000000   Number         0  memseta.o ABSOLUTE
    ../clib/microlib/stubs.s                 0x00000000   Number         0  useno.o ABSOLUTE
    ..\HARDWARE\ADC\adc.c                    0x00000000   Number         0  adc.o ABSOLUTE
    ..\HARDWARE\CAN\can.c                    0x00000000   Number         0  can.o ABSOLUTE
    ..\HARDWARE\KEY\key.c                    0x00000000   Number         0  key.o ABSOLUTE
    ..\HARDWARE\LED\led.c                    0x00000000   Number         0  led.o ABSOLUTE
    ..\HARDWARE\TIMER\timer.c                0x00000000   Number         0  timer.o ABSOLUTE
    ..\SYSTEM\delay\delay.c                  0x00000000   Number         0  delay.o ABSOLUTE
    ..\SYSTEM\sys\sys.c                      0x00000000   Number         0  sys.o ABSOLUTE
    ..\SYSTEM\usart\usart.c                  0x00000000   Number         0  usart.o ABSOLUTE
    ..\\HARDWARE\\ADC\\adc.c                 0x00000000   Number         0  adc.o ABSOLUTE
    ..\\HARDWARE\\CAN\\can.c                 0x00000000   Number         0  can.o ABSOLUTE
    ..\\HARDWARE\\KEY\\key.c                 0x00000000   Number         0  key.o ABSOLUTE
    ..\\HARDWARE\\LED\\led.c                 0x00000000   Number         0  led.o ABSOLUTE
    ..\\HARDWARE\\TIMER\\timer.c             0x00000000   Number         0  timer.o ABSOLUTE
    ..\\SYSTEM\\delay\\delay.c               0x00000000   Number         0  delay.o ABSOLUTE
    ..\\SYSTEM\\sys\\sys.c                   0x00000000   Number         0  sys.o ABSOLUTE
    ..\\SYSTEM\\usart\\usart.c               0x00000000   Number         0  usart.o ABSOLUTE
    dc.s                                     0x00000000   Number         0  dc.o ABSOLUTE
    handlers.s                               0x00000000   Number         0  handlers.o ABSOLUTE
    init.s                                   0x00000000   Number         0  init.o ABSOLUTE
    main.c                                   0x00000000   Number         0  main.o ABSOLUTE
    main.c                                   0x00000000   Number         0  main.o ABSOLUTE
    startup_stm32f40_41xxx.s                 0x00000000   Number         0  startup_stm32f40_41xxx.o ABSOLUTE
    RESET                                    0x08000000   Section      392  startup_stm32f40_41xxx.o(RESET)
    .ARM.Collect$$$$00000000                 0x08000188   Section        0  entry.o(.ARM.Collect$$$$00000000)
    .ARM.Collect$$$$00000001                 0x08000188   Section        4  entry2.o(.ARM.Collect$$$$00000001)
    .ARM.Collect$$$$00000004                 0x0800018c   Section        4  entry5.o(.ARM.Collect$$$$00000004)
    .ARM.Collect$$$$00000008                 0x08000190   Section        0  entry7b.o(.ARM.Collect$$$$00000008)
    .ARM.Collect$$$$0000000A                 0x08000190   Section        0  entry8b.o(.ARM.Collect$$$$0000000A)
    .ARM.Collect$$$$0000000B                 0x08000190   Section        8  entry9a.o(.ARM.Collect$$$$0000000B)
    .ARM.Collect$$$$0000000D                 0x08000198   Section        0  entry10a.o(.ARM.Collect$$$$0000000D)
    .ARM.Collect$$$$0000000F                 0x08000198   Section        0  entry11a.o(.ARM.Collect$$$$0000000F)
    .ARM.Collect$$$$00002712                 0x08000198   Section        4  entry2.o(.ARM.Collect$$$$00002712)
    __lit__00000000                          0x08000198   Data           4  entry2.o(.ARM.Collect$$$$00002712)
    .text                                    0x0800019c   Section       44  startup_stm32f40_41xxx.o(.text)
    $v0                                      0x0800019c   Number         0  startup_stm32f40_41xxx.o(.text)
    .text                                    0x080001c8   Section        0  memseta.o(.text)
    .text                                    0x080001ec   Section       36  init.o(.text)
    i.ADC1_Init                              0x08000210   Section        0  adc.o(i.ADC1_Init)
    i.CAN_Init                               0x08000338   Section        0  can.o(i.CAN_Init)
    i.DMA2_Init                              0x08000504   Section        0  adc.o(i.DMA2_Init)
    i.GPIO_AF_Set                            0x080005e8   Section        0  sys.o(i.GPIO_AF_Set)
    i.GPIO_Set                               0x08000628   Section        0  sys.o(i.GPIO_Set)
    i.KEY_Init                               0x08000708   Section        0  key.o(i.KEY_Init)
    i.KEY_Scan                               0x08000780   Section        0  key.o(i.KEY_Scan)
    i.LED_Init                               0x080008f8   Section        0  led.o(i.LED_Init)
    i.MY_NVIC_Init                           0x08000970   Section        0  sys.o(i.MY_NVIC_Init)
    i.MY_NVIC_PriorityGroupConfig            0x080009e8   Section        0  sys.o(i.MY_NVIC_PriorityGroupConfig)
    i.MY_NVIC_SetVectorTable                 0x08000a10   Section        0  sys.o(i.MY_NVIC_SetVectorTable)
    i.Set_PWM_Duty                           0x08000a20   Section        0  timer.o(i.Set_PWM_Duty)
    i.Stm32_Clock_Init                       0x08000a54   Section        0  sys.o(i.Stm32_Clock_Init)
    i.Sys_Clock_Set                          0x08000abc   Section        0  sys.o(i.Sys_Clock_Set)
    i.TIM3_IRQHandler                        0x08000bc8   Section        0  timer.o(i.TIM3_IRQHandler)
    i.TIM3_Int_Init                          0x08000c2c   Section        0  timer.o(i.TIM3_Int_Init)
    i.TIM9_PWM_Init                          0x08000c7c   Section        0  timer.o(i.TIM9_PWM_Init)
    i.UART1_DMA2_Init                        0x08000d08   Section        0  usart.o(i.UART1_DMA2_Init)
    i.UART3_DMA1_Init                        0x08000de0   Section        0  usart.o(i.UART3_DMA1_Init)
    i.USART1_IRQHandler                      0x08000ea0   Section        0  usart.o(i.USART1_IRQHandler)
    i.USART3_IRQHandler                      0x08000ed8   Section        0  usart.o(i.USART3_IRQHandler)
    i.__scatterload_copy                     0x08000f14   Section       14  handlers.o(i.__scatterload_copy)
    i.__scatterload_null                     0x08000f22   Section        2  handlers.o(i.__scatterload_null)
    i.__scatterload_zeroinit                 0x08000f24   Section       14  handlers.o(i.__scatterload_zeroinit)
    i.can_pend_msg                           0x08000f34   Section        0  can.o(i.can_pend_msg)
    can_pend_msg                             0x08000f35   Thumb Code    26  can.o(i.can_pend_msg)
    i.can_receive_msg                        0x08000f54   Section        0  can.o(i.can_receive_msg)
    i.can_rx_msg                             0x08000f9c   Section        0  can.o(i.can_rx_msg)
    can_rx_msg                               0x08000f9d   Thumb Code   204  can.o(i.can_rx_msg)
    i.can_send_msg                           0x08001070   Section        0  can.o(i.can_send_msg)
    i.can_tx_msg                             0x080010b8   Section        0  can.o(i.can_tx_msg)
    can_tx_msg                               0x080010b9   Thumb Code   260  can.o(i.can_tx_msg)
    i.can_tx_status                          0x080011c4   Section        0  can.o(i.can_tx_status)
    can_tx_status                            0x080011c5   Thumb Code   126  can.o(i.can_tx_status)
    i.delay_init                             0x08001248   Section        0  delay.o(i.delay_init)
    i.delay_ms                               0x08001288   Section        0  delay.o(i.delay_ms)
    i.delay_xms                              0x080012c0   Section        0  delay.o(i.delay_xms)
    i.main                                   0x080012fc   Section        0  main.o(i.main)
    i.uart1_init                             0x08001658   Section        0  usart.o(i.uart1_init)
    i.uart3_init                             0x08001780   Section        0  usart.o(i.uart3_init)
    i.usart_send                             0x0800189c   Section        0  usart.o(i.usart_send)
    .data                                    0x20000000   Section       32  main.o(.data)
    .data                                    0x20000020   Section        4  delay.o(.data)
    fac_us                                   0x20000020   Data           1  delay.o(.data)
    fac_ms                                   0x20000022   Data           2  delay.o(.data)
    .data                                    0x20000024   Section        3  key.o(.data)
    num1                                     0x20000025   Data           1  key.o(.data)
    num2                                     0x20000026   Data           1  key.o(.data)
    .data                                    0x20000028   Section        9  timer.o(.data)
    count_num                                0x20000030   Data           1  timer.o(.data)
    .bss                                     0x20000034   Section       55  main.o(.bss)
    .bss                                     0x2000006c   Section      208  usart.o(.bss)
    .bss                                     0x2000013c   Section       20  adc.o(.bss)
    .bss                                     0x20000150   Section       30  key.o(.bss)
    STACK                                    0x20000170   Section     1024  startup_stm32f40_41xxx.o(STACK)

    Global Symbols

    Symbol Name                              Value     Ov Type        Size  Object(Section)

    BuildAttributes$$THM_ISAv4$E$P$D$K$B$S$7EM$VFPi3$EXTD16$VFPS$VFMA$PE$A:L22UL41UL21$X:L11$S22US41US21$IEEE1$IW$USESV6$~STKCKD$USESV7$~SHL$OSPACE$EBA8$MICROLIB$REQ8$PRES8$EABIv2 0x00000000   Number         0  anon$$obj.o ABSOLUTE
    __ARM_use_no_argv                        0x00000000   Number         0  main.o ABSOLUTE
    __use_no_errno                           0x00000000   Number         0  useno.o ABSOLUTE
    __use_no_exception_handling              0x00000000   Number         0  useno.o ABSOLUTE
    __use_no_fp                              0x00000000   Number         0  useno.o ABSOLUTE
    __use_no_heap                            0x00000000   Number         0  useno.o ABSOLUTE
    __use_no_heap_region                     0x00000000   Number         0  useno.o ABSOLUTE
    __use_no_semihosting                     0x00000000   Number         0  useno.o ABSOLUTE
    __use_no_semihosting_swi                 0x00000000   Number         0  useno.o ABSOLUTE
    __use_no_signal_handling                 0x00000000   Number         0  useno.o ABSOLUTE
    __cpp_initialize__aeabi_                  - Undefined Weak Reference
    __cxa_finalize                            - Undefined Weak Reference
    __decompress                              - Undefined Weak Reference
    _clock_init                               - Undefined Weak Reference
    _microlib_exit                            - Undefined Weak Reference
    __Vectors_Size                           0x00000188   Number         0  startup_stm32f40_41xxx.o ABSOLUTE
    __Vectors                                0x08000000   Data           4  startup_stm32f40_41xxx.o(RESET)
    __Vectors_End                            0x08000188   Data           0  startup_stm32f40_41xxx.o(RESET)
    __main                                   0x08000189   Thumb Code     0  entry.o(.ARM.Collect$$$$00000000)
    _main_stk                                0x08000189   Thumb Code     0  entry2.o(.ARM.Collect$$$$00000001)
    _main_scatterload                        0x0800018d   Thumb Code     0  entry5.o(.ARM.Collect$$$$00000004)
    __main_after_scatterload                 0x08000191   Thumb Code     0  entry5.o(.ARM.Collect$$$$00000004)
    _main_clock                              0x08000191   Thumb Code     0  entry7b.o(.ARM.Collect$$$$00000008)
    _main_cpp_init                           0x08000191   Thumb Code     0  entry8b.o(.ARM.Collect$$$$0000000A)
    _main_init                               0x08000191   Thumb Code     0  entry9a.o(.ARM.Collect$$$$0000000B)
    __rt_final_cpp                           0x08000199   Thumb Code     0  entry10a.o(.ARM.Collect$$$$0000000D)
    __rt_final_exit                          0x08000199   Thumb Code     0  entry11a.o(.ARM.Collect$$$$0000000F)
    Reset_Handler                            0x0800019d   Thumb Code    14  startup_stm32f40_41xxx.o(.text)
    NMI_Handler                              0x080001ab   Thumb Code     2  startup_stm32f40_41xxx.o(.text)
    HardFault_Handler                        0x080001ad   Thumb Code     2  startup_stm32f40_41xxx.o(.text)
    MemManage_Handler                        0x080001af   Thumb Code     2  startup_stm32f40_41xxx.o(.text)
    BusFault_Handler                         0x080001b1   Thumb Code     2  startup_stm32f40_41xxx.o(.text)
    UsageFault_Handler                       0x080001b3   Thumb Code     2  startup_stm32f40_41xxx.o(.text)
    SVC_Handler                              0x080001b5   Thumb Code     2  startup_stm32f40_41xxx.o(.text)
    DebugMon_Handler                         0x080001b7   Thumb Code     2  startup_stm32f40_41xxx.o(.text)
    PendSV_Handler                           0x080001b9   Thumb Code     2  startup_stm32f40_41xxx.o(.text)
    SysTick_Handler                          0x080001bb   Thumb Code     2  startup_stm32f40_41xxx.o(.text)
    ADC_IRQHandler                           0x080001bd   Thumb Code     0  startup_stm32f40_41xxx.o(.text)
    CAN1_RX0_IRQHandler                      0x080001bd   Thumb Code     0  startup_stm32f40_41xxx.o(.text)
    CAN1_RX1_IRQHandler                      0x080001bd   Thumb Code     0  startup_stm32f40_41xxx.o(.text)
    CAN1_SCE_IRQHandler                      0x080001bd   Thumb Code     0  startup_stm32f40_41xxx.o(.text)
    CAN1_TX_IRQHandler                       0x080001bd   Thumb Code     0  startup_stm32f40_41xxx.o(.text)
    CAN2_RX0_IRQHandler                      0x080001bd   Thumb Code     0  startup_stm32f40_41xxx.o(.text)
    CAN2_RX1_IRQHandler                      0x080001bd   Thumb Code     0  startup_stm32f40_41xxx.o(.text)
    CAN2_SCE_IRQHandler                      0x080001bd   Thumb Code     0  startup_stm32f40_41xxx.o(.text)
    CAN2_TX_IRQHandler                       0x080001bd   Thumb Code     0  startup_stm32f40_41xxx.o(.text)
    CRYP_IRQHandler                          0x080001bd   Thumb Code     0  startup_stm32f40_41xxx.o(.text)
    DCMI_IRQHandler                          0x080001bd   Thumb Code     0  startup_stm32f40_41xxx.o(.text)
    DMA1_Stream0_IRQHandler                  0x080001bd   Thumb Code     0  startup_stm32f40_41xxx.o(.text)
    DMA1_Stream1_IRQHandler                  0x080001bd   Thumb Code     0  startup_stm32f40_41xxx.o(.text)
    DMA1_Stream2_IRQHandler                  0x080001bd   Thumb Code     0  startup_stm32f40_41xxx.o(.text)
    DMA1_Stream3_IRQHandler                  0x080001bd   Thumb Code     0  startup_stm32f40_41xxx.o(.text)
    DMA1_Stream4_IRQHandler                  0x080001bd   Thumb Code     0  startup_stm32f40_41xxx.o(.text)
    DMA1_Stream5_IRQHandler                  0x080001bd   Thumb Code     0  startup_stm32f40_41xxx.o(.text)
    DMA1_Stream6_IRQHandler                  0x080001bd   Thumb Code     0  startup_stm32f40_41xxx.o(.text)
    DMA1_Stream7_IRQHandler                  0x080001bd   Thumb Code     0  startup_stm32f40_41xxx.o(.text)
    DMA2_Stream0_IRQHandler                  0x080001bd   Thumb Code     0  startup_stm32f40_41xxx.o(.text)
    DMA2_Stream1_IRQHandler                  0x080001bd   Thumb Code     0  startup_stm32f40_41xxx.o(.text)
    DMA2_Stream2_IRQHandler                  0x080001bd   Thumb Code     0  startup_stm32f40_41xxx.o(.text)
    DMA2_Stream3_IRQHandler                  0x080001bd   Thumb Code     0  startup_stm32f40_41xxx.o(.text)
    DMA2_Stream4_IRQHandler                  0x080001bd   Thumb Code     0  startup_stm32f40_41xxx.o(.text)
    DMA2_Stream5_IRQHandler                  0x080001bd   Thumb Code     0  startup_stm32f40_41xxx.o(.text)
    DMA2_Stream6_IRQHandler                  0x080001bd   Thumb Code     0  startup_stm32f40_41xxx.o(.text)
    DMA2_Stream7_IRQHandler                  0x080001bd   Thumb Code     0  startup_stm32f40_41xxx.o(.text)
    ETH_IRQHandler                           0x080001bd   Thumb Code     0  startup_stm32f40_41xxx.o(.text)
    ETH_WKUP_IRQHandler                      0x080001bd   Thumb Code     0  startup_stm32f40_41xxx.o(.text)
    EXTI0_IRQHandler                         0x080001bd   Thumb Code     0  startup_stm32f40_41xxx.o(.text)
    EXTI15_10_IRQHandler                     0x080001bd   Thumb Code     0  startup_stm32f40_41xxx.o(.text)
    EXTI1_IRQHandler                         0x080001bd   Thumb Code     0  startup_stm32f40_41xxx.o(.text)
    EXTI2_IRQHandler                         0x080001bd   Thumb Code     0  startup_stm32f40_41xxx.o(.text)
    EXTI3_IRQHandler                         0x080001bd   Thumb Code     0  startup_stm32f40_41xxx.o(.text)
    EXTI4_IRQHandler                         0x080001bd   Thumb Code     0  startup_stm32f40_41xxx.o(.text)
    EXTI9_5_IRQHandler                       0x080001bd   Thumb Code     0  startup_stm32f40_41xxx.o(.text)
    FLASH_IRQHandler                         0x080001bd   Thumb Code     0  startup_stm32f40_41xxx.o(.text)
    FPU_IRQHandler                           0x080001bd   Thumb Code     0  startup_stm32f40_41xxx.o(.text)
    FSMC_IRQHandler                          0x080001bd   Thumb Code     0  startup_stm32f40_41xxx.o(.text)
    HASH_RNG_IRQHandler                      0x080001bd   Thumb Code     0  startup_stm32f40_41xxx.o(.text)
    I2C1_ER_IRQHandler                       0x080001bd   Thumb Code     0  startup_stm32f40_41xxx.o(.text)
    I2C1_EV_IRQHandler                       0x080001bd   Thumb Code     0  startup_stm32f40_41xxx.o(.text)
    I2C2_ER_IRQHandler                       0x080001bd   Thumb Code     0  startup_stm32f40_41xxx.o(.text)
    I2C2_EV_IRQHandler                       0x080001bd   Thumb Code     0  startup_stm32f40_41xxx.o(.text)
    I2C3_ER_IRQHandler                       0x080001bd   Thumb Code     0  startup_stm32f40_41xxx.o(.text)
    I2C3_EV_IRQHandler                       0x080001bd   Thumb Code     0  startup_stm32f40_41xxx.o(.text)
    OTG_FS_IRQHandler                        0x080001bd   Thumb Code     0  startup_stm32f40_41xxx.o(.text)
    OTG_FS_WKUP_IRQHandler                   0x080001bd   Thumb Code     0  startup_stm32f40_41xxx.o(.text)
    OTG_HS_EP1_IN_IRQHandler                 0x080001bd   Thumb Code     0  startup_stm32f40_41xxx.o(.text)
    OTG_HS_EP1_OUT_IRQHandler                0x080001bd   Thumb Code     0  startup_stm32f40_41xxx.o(.text)
    OTG_HS_IRQHandler                        0x080001bd   Thumb Code     0  startup_stm32f40_41xxx.o(.text)
    OTG_HS_WKUP_IRQHandler                   0x080001bd   Thumb Code     0  startup_stm32f40_41xxx.o(.text)
    PVD_IRQHandler                           0x080001bd   Thumb Code     0  startup_stm32f40_41xxx.o(.text)
    RCC_IRQHandler                           0x080001bd   Thumb Code     0  startup_stm32f40_41xxx.o(.text)
    RTC_Alarm_IRQHandler                     0x080001bd   Thumb Code     0  startup_stm32f40_41xxx.o(.text)
    RTC_WKUP_IRQHandler                      0x080001bd   Thumb Code     0  startup_stm32f40_41xxx.o(.text)
    SDIO_IRQHandler                          0x080001bd   Thumb Code     0  startup_stm32f40_41xxx.o(.text)
    SPI1_IRQHandler                          0x080001bd   Thumb Code     0  startup_stm32f40_41xxx.o(.text)
    SPI2_IRQHandler                          0x080001bd   Thumb Code     0  startup_stm32f40_41xxx.o(.text)
    SPI3_IRQHandler                          0x080001bd   Thumb Code     0  startup_stm32f40_41xxx.o(.text)
    TAMP_STAMP_IRQHandler                    0x080001bd   Thumb Code     0  startup_stm32f40_41xxx.o(.text)
    TIM1_BRK_TIM9_IRQHandler                 0x080001bd   Thumb Code     0  startup_stm32f40_41xxx.o(.text)
    TIM1_CC_IRQHandler                       0x080001bd   Thumb Code     0  startup_stm32f40_41xxx.o(.text)
    TIM1_TRG_COM_TIM11_IRQHandler            0x080001bd   Thumb Code     0  startup_stm32f40_41xxx.o(.text)
    TIM1_UP_TIM10_IRQHandler                 0x080001bd   Thumb Code     0  startup_stm32f40_41xxx.o(.text)
    TIM2_IRQHandler                          0x080001bd   Thumb Code     0  startup_stm32f40_41xxx.o(.text)
    TIM4_IRQHandler                          0x080001bd   Thumb Code     0  startup_stm32f40_41xxx.o(.text)
    TIM5_IRQHandler                          0x080001bd   Thumb Code     0  startup_stm32f40_41xxx.o(.text)
    TIM6_DAC_IRQHandler                      0x080001bd   Thumb Code     0  startup_stm32f40_41xxx.o(.text)
    TIM7_IRQHandler                          0x080001bd   Thumb Code     0  startup_stm32f40_41xxx.o(.text)
    TIM8_BRK_TIM12_IRQHandler                0x080001bd   Thumb Code     0  startup_stm32f40_41xxx.o(.text)
    TIM8_CC_IRQHandler                       0x080001bd   Thumb Code     0  startup_stm32f40_41xxx.o(.text)
    TIM8_TRG_COM_TIM14_IRQHandler            0x080001bd   Thumb Code     0  startup_stm32f40_41xxx.o(.text)
    TIM8_UP_TIM13_IRQHandler                 0x080001bd   Thumb Code     0  startup_stm32f40_41xxx.o(.text)
    UART4_IRQHandler                         0x080001bd   Thumb Code     0  startup_stm32f40_41xxx.o(.text)
    UART5_IRQHandler                         0x080001bd   Thumb Code     0  startup_stm32f40_41xxx.o(.text)
    USART2_IRQHandler                        0x080001bd   Thumb Code     0  startup_stm32f40_41xxx.o(.text)
    USART6_IRQHandler                        0x080001bd   Thumb Code     0  startup_stm32f40_41xxx.o(.text)
    WWDG_IRQHandler                          0x080001bd   Thumb Code     0  startup_stm32f40_41xxx.o(.text)
    __aeabi_memset                           0x080001c9   Thumb Code    14  memseta.o(.text)
    __aeabi_memset4                          0x080001c9   Thumb Code     0  memseta.o(.text)
    __aeabi_memset8                          0x080001c9   Thumb Code     0  memseta.o(.text)
    __aeabi_memclr                           0x080001d7   Thumb Code     4  memseta.o(.text)
    __aeabi_memclr4                          0x080001d7   Thumb Code     0  memseta.o(.text)
    __aeabi_memclr8                          0x080001d7   Thumb Code     0  memseta.o(.text)
    _memset$wrapper                          0x080001db   Thumb Code    18  memseta.o(.text)
    __scatterload                            0x080001ed   Thumb Code    28  init.o(.text)
    __scatterload_rt2                        0x080001ed   Thumb Code     0  init.o(.text)
    ADC1_Init                                0x08000211   Thumb Code   278  adc.o(i.ADC1_Init)
    CAN_Init                                 0x08000339   Thumb Code   444  can.o(i.CAN_Init)
    DMA2_Init                                0x08000505   Thumb Code   212  adc.o(i.DMA2_Init)
    GPIO_AF_Set                              0x080005e9   Thumb Code    64  sys.o(i.GPIO_AF_Set)
    GPIO_Set                                 0x08000629   Thumb Code   222  sys.o(i.GPIO_Set)
    KEY_Init                                 0x08000709   Thumb Code   102  key.o(i.KEY_Init)
    KEY_Scan                                 0x08000781   Thumb Code   338  key.o(i.KEY_Scan)
    LED_Init                                 0x080008f9   Thumb Code    94  led.o(i.LED_Init)
    MY_NVIC_Init                             0x08000971   Thumb Code   116  sys.o(i.MY_NVIC_Init)
    MY_NVIC_PriorityGroupConfig              0x080009e9   Thumb Code    32  sys.o(i.MY_NVIC_PriorityGroupConfig)
    MY_NVIC_SetVectorTable                   0x08000a11   Thumb Code    12  sys.o(i.MY_NVIC_SetVectorTable)
    Set_PWM_Duty                             0x08000a21   Thumb Code    42  timer.o(i.Set_PWM_Duty)
    Stm32_Clock_Init                         0x08000a55   Thumb Code    90  sys.o(i.Stm32_Clock_Init)
    Sys_Clock_Set                            0x08000abd   Thumb Code   254  sys.o(i.Sys_Clock_Set)
    TIM3_IRQHandler                          0x08000bc9   Thumb Code    78  timer.o(i.TIM3_IRQHandler)
    TIM3_Int_Init                            0x08000c2d   Thumb Code    72  timer.o(i.TIM3_Int_Init)
    TIM9_PWM_Init                            0x08000c7d   Thumb Code   128  timer.o(i.TIM9_PWM_Init)
    UART1_DMA2_Init                          0x08000d09   Thumb Code   198  usart.o(i.UART1_DMA2_Init)
    UART3_DMA1_Init                          0x08000de1   Thumb Code   174  usart.o(i.UART3_DMA1_Init)
    USART1_IRQHandler                        0x08000ea1   Thumb Code    42  usart.o(i.USART1_IRQHandler)
    USART3_IRQHandler                        0x08000ed9   Thumb Code    48  usart.o(i.USART3_IRQHandler)
    __scatterload_copy                       0x08000f15   Thumb Code    14  handlers.o(i.__scatterload_copy)
    __scatterload_null                       0x08000f23   Thumb Code     2  handlers.o(i.__scatterload_null)
    __scatterload_zeroinit                   0x08000f25   Thumb Code    14  handlers.o(i.__scatterload_zeroinit)
    can_receive_msg                          0x08000f55   Thumb Code    72  can.o(i.can_receive_msg)
    can_send_msg                             0x08001071   Thumb Code    70  can.o(i.can_send_msg)
    delay_init                               0x08001249   Thumb Code    56  delay.o(i.delay_init)
    delay_ms                                 0x08001289   Thumb Code    56  delay.o(i.delay_ms)
    delay_xms                                0x080012c1   Thumb Code    56  delay.o(i.delay_xms)
    main                                     0x080012fd   Thumb Code   780  main.o(i.main)
    uart1_init                               0x08001659   Thumb Code   274  usart.o(i.uart1_init)
    uart3_init                               0x08001781   Thumb Code   268  usart.o(i.uart3_init)
    usart_send                               0x0800189d   Thumb Code    34  usart.o(i.usart_send)
    Region$$Table$$Base                      0x080018c0   Number         0  anon$$obj.o(Region$$Table)
    Region$$Table$$Limit                     0x080018e0   Number         0  anon$$obj.o(Region$$Table)
    Send_buff                                0x20000000   Data          25  main.o(.data)
    Error_Flag                               0x20000019   Data           1  main.o(.data)
    CAN_ID1                                  0x2000001a   Data           1  main.o(.data)
    CAN_mode                                 0x2000001b   Data           1  main.o(.data)
    RX_MESS_Flag                             0x2000001c   Data           1  main.o(.data)
    LED_Turn                                 0x2000001e   Data           2  main.o(.data)
    Con_KEY                                  0x20000024   Data           1  key.o(.data)
    TIM3_IRQ_Flag                            0x20000028   Data           1  timer.o(.data)
    PWM_ARR                                  0x2000002c   Data           4  timer.o(.data)
    Test_buff                                0x20000034   Data          25  main.o(.bss)
    CAN_RX_buff                              0x2000004d   Data          30  main.o(.bss)
    U1_DATA                                  0x2000006c   Data         104  usart.o(.bss)
    U3_DATA                                  0x200000d4   Data         104  usart.o(.bss)
    ADC_BUFF                                 0x2000013c   Data          20  adc.o(.bss)
    KEY_BUFF                                 0x20000150   Data          30  key.o(.bss)
    __initial_sp                             0x20000570   Data           0  startup_stm32f40_41xxx.o(STACK)



==============================================================================

Memory Map of the image

  Image Entry point : 0x08000189

  Load Region LR_IROM1 (Base: 0x08000000, Size: 0x00001914, Max: 0x00100000, ABSOLUTE)

    Execution Region ER_IROM1 (Base: 0x08000000, Size: 0x000018e0, Max: 0x00100000, ABSOLUTE)

    Base Addr    Size         Type   Attr      Idx    E Section Name        Object

    0x08000000   0x00000188   Data   RO            3    RESET               startup_stm32f40_41xxx.o
    0x08000188   0x00000000   Code   RO          495  * .ARM.Collect$$$$00000000  mc_w.l(entry.o)
    0x08000188   0x00000004   Code   RO          500    .ARM.Collect$$$$00000001  mc_w.l(entry2.o)
    0x0800018c   0x00000004   Code   RO          503    .ARM.Collect$$$$00000004  mc_w.l(entry5.o)
    0x08000190   0x00000000   Code   RO          505    .ARM.Collect$$$$00000008  mc_w.l(entry7b.o)
    0x08000190   0x00000000   Code   RO          507    .ARM.Collect$$$$0000000A  mc_w.l(entry8b.o)
    0x08000190   0x00000008   Code   RO          508    .ARM.Collect$$$$0000000B  mc_w.l(entry9a.o)
    0x08000198   0x00000000   Code   RO          510    .ARM.Collect$$$$0000000D  mc_w.l(entry10a.o)
    0x08000198   0x00000000   Code   RO          512    .ARM.Collect$$$$0000000F  mc_w.l(entry11a.o)
    0x08000198   0x00000004   Code   RO          501    .ARM.Collect$$$$00002712  mc_w.l(entry2.o)
    0x0800019c   0x0000002c   Code   RO            4    .text               startup_stm32f40_41xxx.o
    0x080001c8   0x00000024   Code   RO          498    .text               mc_w.l(memseta.o)
    0x080001ec   0x00000024   Code   RO          514    .text               mc_w.l(init.o)
    0x08000210   0x00000128   Code   RO          309    i.ADC1_Init         adc.o
    0x08000338   0x000001cc   Code   RO          347    i.CAN_Init          can.o
    0x08000504   0x000000e4   Code   RO          310    i.DMA2_Init         adc.o
    0x080005e8   0x00000040   Code   RO          136    i.GPIO_AF_Set       sys.o
    0x08000628   0x000000de   Code   RO          137    i.GPIO_Set          sys.o
    0x08000706   0x00000002   PAD
    0x08000708   0x00000078   Code   RO          399    i.KEY_Init          key.o
    0x08000780   0x00000178   Code   RO          400    i.KEY_Scan          key.o
    0x080008f8   0x00000078   Code   RO          429    i.LED_Init          led.o
    0x08000970   0x00000078   Code   RO          140    i.MY_NVIC_Init      sys.o
    0x080009e8   0x00000028   Code   RO          141    i.MY_NVIC_PriorityGroupConfig  sys.o
    0x08000a10   0x00000010   Code   RO          142    i.MY_NVIC_SetVectorTable  sys.o
    0x08000a20   0x00000034   Code   RO          449    i.Set_PWM_Duty      timer.o
    0x08000a54   0x00000068   Code   RO          143    i.Stm32_Clock_Init  sys.o
    0x08000abc   0x0000010c   Code   RO          144    i.Sys_Clock_Set     sys.o
    0x08000bc8   0x00000064   Code   RO          450    i.TIM3_IRQHandler   timer.o
    0x08000c2c   0x00000050   Code   RO          451    i.TIM3_Int_Init     timer.o
    0x08000c7c   0x0000008c   Code   RO          452    i.TIM9_PWM_Init     timer.o
    0x08000d08   0x000000d8   Code   RO          230    i.UART1_DMA2_Init   usart.o
    0x08000de0   0x000000c0   Code   RO          231    i.UART3_DMA1_Init   usart.o
    0x08000ea0   0x00000038   Code   RO          232    i.USART1_IRQHandler  usart.o
    0x08000ed8   0x0000003c   Code   RO          233    i.USART3_IRQHandler  usart.o
    0x08000f14   0x0000000e   Code   RO          518    i.__scatterload_copy  mc_w.l(handlers.o)
    0x08000f22   0x00000002   Code   RO          519    i.__scatterload_null  mc_w.l(handlers.o)
    0x08000f24   0x0000000e   Code   RO          520    i.__scatterload_zeroinit  mc_w.l(handlers.o)
    0x08000f32   0x00000002   PAD
    0x08000f34   0x00000020   Code   RO          348    i.can_pend_msg      can.o
    0x08000f54   0x00000048   Code   RO          349    i.can_receive_msg   can.o
    0x08000f9c   0x000000d4   Code   RO          350    i.can_rx_msg        can.o
    0x08001070   0x00000046   Code   RO          351    i.can_send_msg      can.o
    0x080010b6   0x00000002   PAD
    0x080010b8   0x0000010c   Code   RO          352    i.can_tx_msg        can.o
    0x080011c4   0x00000084   Code   RO          353    i.can_tx_status     can.o
    0x08001248   0x00000040   Code   RO           94    i.delay_init        delay.o
    0x08001288   0x00000038   Code   RO           95    i.delay_ms          delay.o
    0x080012c0   0x0000003c   Code   RO           97    i.delay_xms         delay.o
    0x080012fc   0x0000035c   Code   RO           12    i.main              main.o
    0x08001658   0x00000128   Code   RO          236    i.uart1_init        usart.o
    0x08001780   0x0000011c   Code   RO          237    i.uart3_init        usart.o
    0x0800189c   0x00000022   Code   RO          238    i.usart_send        usart.o
    0x080018be   0x00000002   PAD
    0x080018c0   0x00000020   Data   RO          516    Region$$Table       anon$$obj.o


    Execution Region RW_IRAM1 (Base: 0x20000000, Size: 0x00000570, Max: 0x00020000, ABSOLUTE)

    Base Addr    Size         Type   Attr      Idx    E Section Name        Object

    0x20000000   0x00000020   Data   RW           14    .data               main.o
    0x20000020   0x00000004   Data   RW           98    .data               delay.o
    0x20000024   0x00000003   Data   RW          402    .data               key.o
    0x20000027   0x00000001   PAD
    0x20000028   0x00000009   Data   RW          453    .data               timer.o
    0x20000031   0x00000003   PAD
    0x20000034   0x00000037   Zero   RW           13    .bss                main.o
    0x2000006b   0x00000001   PAD
    0x2000006c   0x000000d0   Zero   RW          239    .bss                usart.o
    0x2000013c   0x00000014   Zero   RW          312    .bss                adc.o
    0x20000150   0x0000001e   Zero   RW          401    .bss                key.o
    0x2000016e   0x00000002   PAD
    0x20000170   0x00000400   Zero   RW            1    STACK               startup_stm32f40_41xxx.o


==============================================================================

Image component sizes


      Code (inc. data)   RO Data    RW Data    ZI Data      Debug   Object Name

       524         34          0          0         20       1759   adc.o
      1246         44          0          0          0       5508   can.o
       180         12          0          4          0       1952   delay.o
       496         56          0          3         30       1981   key.o
       120         26          0          0          0        519   led.o
       860         80          0         32         55     233999   main.o
        44         10        392          0       1024        864   startup_stm32f40_41xxx.o
       834         44          0          0          0       5102   sys.o
       372         52          0          9          0       3165   timer.o
      1138        100          0          0        208       6757   usart.o

    ----------------------------------------------------------------------
      5820        458        424         52       1340     261606   Object Totals
         0          0         32          0          0          0   (incl. Generated)
         6          0          0          4          3          0   (incl. Padding)

    ----------------------------------------------------------------------

      Code (inc. data)   RO Data    RW Data    ZI Data      Debug   Library Member Name

         0          0          0          0          0          0   entry.o
         0          0          0          0          0          0   entry10a.o
         0          0          0          0          0          0   entry11a.o
         8          4          0          0          0          0   entry2.o
         4          0          0          0          0          0   entry5.o
         0          0          0          0          0          0   entry7b.o
         0          0          0          0          0          0   entry8b.o
         8          4          0          0          0          0   entry9a.o
        30          0          0          0          0          0   handlers.o
        36          8          0          0          0         68   init.o
        36          0          0          0          0        108   memseta.o

    ----------------------------------------------------------------------
       124         16          0          0          0        176   Library Totals
         2          0          0          0          0          0   (incl. Padding)

    ----------------------------------------------------------------------

      Code (inc. data)   RO Data    RW Data    ZI Data      Debug   Library Name

       122         16          0          0          0        176   mc_w.l

    ----------------------------------------------------------------------
       124         16          0          0          0        176   Library Totals

    ----------------------------------------------------------------------

==============================================================================


      Code (inc. data)   RO Data    RW Data    ZI Data      Debug   

      5944        474        424         52       1340     258986   Grand Totals
      5944        474        424         52       1340     258986   ELF Image Totals
      5944        474        424         52          0          0   ROM Totals

==============================================================================

    Total RO  Size (Code + RO Data)                 6368 (   6.22kB)
    Total RW  Size (RW Data + ZI Data)              1392 (   1.36kB)
    Total ROM Size (Code + RO Data + RW Data)       6420 (   6.27kB)

==============================================================================

